// Jest Snapshot v1, https://goo.gl/fbAQLP

exports[`step_label_selection_task_template.vue Renders component correctly. 1`] = `
<v-container fluid="" data-cy="task-template-step-name">
  <h1 data-cy="wizard-title" class="font-weight-medium text--primary mb-8">
    <v-icon color="primary" size="48" class="mr-4">mdi-brush</v-icon>Task Template Creation
  </h1>
  <v_error_multiple error="[object Object]"></v_error_multiple>
  <p class="text--primary">
    The following steps will guide you on the creation of a new task template
  </p>
  <h4 data-cy="wizard-name-subtitle">Give a name to your Task Template: </h4>
  <v-text-field label="Name" data-cy="task-template-name-input"></v-text-field>
  <wizard_navigation></wizard_navigation>
</v-container>
`;

exports[`step_name_task_template.vue Renders component correctly. 1`] = `
<v-container fluid="" data-cy="task-template-step-name">
  <h1 data-cy="wizard-title" class="font-weight-medium text--primary mb-8">
    <v-icon color="primary" size="48" class="mr-4">mdi-brush</v-icon>Task Template Creation
  </h1>
  <v_error_multiple error="[object Object]"></v_error_multiple>
  <p class="text--primary">
    The following steps will guide you on the creation of a new task template
  </p>
  <h4 data-cy="wizard-name-subtitle">Give a name to your Task Template: </h4>
  <v-text-field label="Name" data-cy="task-template-name-input"></v-text-field>
  <wizard_navigation></wizard_navigation>
</v-container>
`;
